HederaProtobufs.Proto_ConsensusGetTopicInfoResponse:
topicID {
  realmNum: 6
  topicNum: 9
}
topicInfo {
  memo: "1"
  runningHash: "\002"
  sequenceNumber: 3
  expirationTime {
    nanos: 4000000
  }
  adminKey {
    ed25519: "\340\310\354'X\245\207\237\372\302&\241<\fQky\236r\343QA\240\335\202\217\224\323y\210\244\267"
  }
  submitKey {
    ed25519: "\340\310\354'X\245\207\237\372\302&\241<\fQky\236r\343QA\240\335\202\217\224\323y\210\244\267"
  }
  autoRenewPeriod {
    seconds: 432000
  }
  autoRenewAccount {
    accountNum: 4
  }
  ledger_id: "\001"
}
