HederaProtobufs.Proto_Query:
contractGetInfo {
  header {
  }
  contractID {
    contractNum: 5005
  }
}
