TokenAssociation(tokenId: 1.2.3, accountId: 1.2.4)