HieroProtobufs.Proto_Query:
fileGetContents {
  header {
  }
  fileID {
    fileNum: 5005
  }
}
