AssessedCustomFee(amount: 1, tokenId: Optional(2.3.4), feeCollectorAccountId: Optional(5.6.7), payerAccountIdList: [8.9.10, 11.12.13, 14.15.16])