HederaProtobufs.Proto_TransactionBody:
transactionID {
  transactionValidStart {
    seconds: 1554158542
  }
  accountID {
    accountNum: 5006
  }
}
nodeAccountID {
  accountNum: 5005
}
transactionFee: 100000
transactionValidDuration {
  seconds: 120
}
cryptoCreateAccount {
  key {
    ed25519: "\340\310\354'X\245\207\237\372\302&\241<\fQky\236r\343QA\240\335\202\217\224\323y\210\244\267"
  }
  initialBalance: 1000
  receiverSigRequired: true
  autoRenewPeriod {
    seconds: 36000
  }
  memo: "fresh water"
  max_automatic_token_associations: 101
  staked_account_id {
    accountNum: 3
  }
}
