HederaProtobufs.Proto_Query:
scheduleGetInfo {
  header {
  }
  scheduleID {
    scheduleNum: 5005
  }
}
