0a02180110021a060888a98ae50520012a240a221220e0c8ec2758a5879ffac226a13c0c516b799e72e35141a0dd828f94d37988a4b73205666c6f6f6b3a0101