HederaProtobufs.Proto_NetworkGetVersionInfoResponse:
hapiProtoVersion {
  major: 1
  minor: 2
  patch: 3
}
hederaServicesVersion {
  major: 4
  minor: 5
  patch: 6
}
