HederaProtobufs.Proto_TransactionBody:
transactionID {
  transactionValidStart {
    seconds: 1554158542
  }
  accountID {
    accountNum: 5006
  }
}
nodeAccountID {
  accountNum: 5005
}
transactionFee: 200000000
transactionValidDuration {
  seconds: 120
}
tokenAirdrop {
  token_transfers {
    token {
      tokenNum: 2
    }
    nftTransfers {
      senderAccountID {
        accountNum: 5007
      }
      receiverAccountID {
        accountNum: 5006
      }
      serialNumber: 4
    }
  }
  token_transfers {
    token {
      tokenNum: 3
    }
    nftTransfers {
      senderAccountID {
        accountNum: 5008
      }
      receiverAccountID {
        accountNum: 5007
      }
      serialNumber: 1
    }
    nftTransfers {
      senderAccountID {
        accountNum: 5008
      }
      receiverAccountID {
        accountNum: 5007
      }
      serialNumber: 2
    }
    nftTransfers {
      senderAccountID {
        accountNum: 5008
      }
      receiverAccountID {
        accountNum: 5006
      }
      serialNumber: 3
    }
    nftTransfers {
      senderAccountID {
        accountNum: 5007
      }
      receiverAccountID {
        accountNum: 5006
      }
      serialNumber: 4
    }
  }
  token_transfers {
    token {
      tokenNum: 4
    }
    transfers {
      accountID {
        accountNum: 5006
      }
      amount: 123
      is_approval: true
    }
    transfers {
      accountID {
        accountNum: 5006
      }
      amount: -1
    }
    transfers {
      accountID {
        accountNum: 5008
      }
      amount: 1
    }
    nftTransfers {
      senderAccountID {
        accountNum: 5005
      }
      receiverAccountID {
        accountNum: 5006
      }
      serialNumber: 4
      is_approval: true
    }
  }
  token_transfers {
    token {
      tokenNum: 5
    }
    transfers {
      accountID {
        accountNum: 5005
      }
      amount: -800
    }
    transfers {
      accountID {
        accountNum: 5007
      }
      amount: -400
    }
    expected_decimals {
      value: 3
    }
  }
  token_transfers {
    token {
      tokenNum: 5005
    }
    transfers {
      accountID {
        accountNum: 5006
      }
      amount: 400
    }
  }
}
