HederaProtobufs.Proto_TransactionBody:
transactionID {
  transactionValidStart {
    seconds: 1554158542
  }
  accountID {
    accountNum: 5006
  }
}
nodeAccountID {
  accountNum: 5005
}
transactionFee: 200000000
transactionValidDuration {
  seconds: 120
}
tokenDissociate {
  account {
    shardNum: 6
    realmNum: 9
    accountNum: 0
  }
  tokens {
    shardNum: 4
    realmNum: 2
  }
  tokens {
    shardNum: 4
    realmNum: 2
    tokenNum: 1
  }
  tokens {
    shardNum: 4
    realmNum: 2
    tokenNum: 2
  }
}
