HederaProtobufs.Proto_TransactionBody:
transactionID {
  transactionValidStart {
    seconds: 1554158542
  }
  accountID {
    accountNum: 5006
  }
}
nodeAccountID {
  accountNum: 5005
}
transactionFee: 200000000
transactionValidDuration {
  seconds: 120
}
tokenReject {
  owner {
    accountNum: 12345
  }
  rejections {
    fungible_token {
      shardNum: 4
      realmNum: 2
    }
  }
  rejections {
    fungible_token {
      shardNum: 4
      realmNum: 2
      tokenNum: 1
    }
  }
  rejections {
    fungible_token {
      shardNum: 4
      realmNum: 2
      tokenNum: 2
    }
  }
  rejections {
    nft {
      token_ID {
        shardNum: 4
        realmNum: 2
        tokenNum: 3
      }
      serial_number: 1
    }
  }
  rejections {
    nft {
      token_ID {
        shardNum: 4
        realmNum: 2
        tokenNum: 4
      }
      serial_number: 2
    }
  }
  rejections {
    nft {
      token_ID {
        shardNum: 4
        realmNum: 2
        tokenNum: 5
      }
      serial_number: 3
    }
  }
}
