HederaProtobufs.Proto_TransactionBody:
transactionID {
  transactionValidStart {
    seconds: 1554158542
  }
  accountID {
    accountNum: 5006
  }
}
nodeAccountID {
  accountNum: 5005
}
transactionFee: 4000000000
transactionValidDuration {
  seconds: 120
}
tokenCreation {
  name: "flook"
  symbol: "F"
  treasury {
    accountNum: 456
  }
  adminKey {
    ed25519: "\340\310\354'X\245\207\237\372\302&\241<\fQky\236r\343QA\240\335\202\217\224\323y\210\244\267"
  }
  kycKey {
    ed25519: "\340\310\354'X\245\207\237\372\302&\241<\fQky\236r\343QA\240\335\202\217\224\323y\210\244\267"
  }
  freezeKey {
    ed25519: "\340\310\354'X\245\207\237\372\302&\241<\fQky\236r\343QA\240\335\202\217\224\323y\210\244\267"
  }
  wipeKey {
    ed25519: "\340\310\354'X\245\207\237\372\302&\241<\fQky\236r\343QA\240\335\202\217\224\323y\210\244\267"
  }
  supplyKey {
    ed25519: "\340\310\354'X\245\207\237\372\302&\241<\fQky\236r\343QA\240\335\202\217\224\323y\210\244\267"
  }
  expiry {
    seconds: 1554158557
  }
  autoRenewAccount {
    accountNum: 123
  }
  autoRenewPeriod {
    seconds: 100
  }
  memo: "flook memo"
  tokenType: NON_FUNGIBLE_UNIQUE
  supplyType: FINITE
  maxSupply: 500
  fee_schedule_key {
    ed25519: "\340\310\354'X\245\207\237\372\302&\241<\fQky\236r\343QA\240\335\202\217\224\323y\210\244\267"
  }
  pause_key {
    ed25519: "\340\310\354'X\245\207\237\372\302&\241<\fQky\236r\343QA\240\335\202\217\224\323y\210\244\267"
  }
}
