HederaProtobufs.Proto_TransactionBody:
transactionID {
  transactionValidStart {
    seconds: 1554158542
  }
  accountID {
    accountNum: 5005
  }
}
nodeAccountID {
  accountNum: 5005
}
transactionFee: 4000000000
transactionValidDuration {
  seconds: 120
}
tokenCreation {
  name: "flook"
  symbol: "F"
  decimals: 3
  initialSupply: 30
  treasury {
    accountNum: 456
  }
  adminKey {
    ed25519: "\340\310\354'X\245\207\237\372\302&\241<\fQky\236r\343QA\240\335\202\217\224\323y\210\244\267"
  }
  kycKey {
    ed25519: "\340\310\354'X\245\207\237\372\302&\241<\fQky\236r\343QA\240\335\202\217\224\323y\210\244\267"
  }
  freezeKey {
    ed25519: "\340\310\354'X\245\207\237\372\302&\241<\fQky\236r\343QA\240\335\202\217\224\323y\210\244\267"
  }
  wipeKey {
    ed25519: "\340\310\354'X\245\207\237\372\302&\241<\fQky\236r\343QA\240\335\202\217\224\323y\210\244\267"
  }
  supplyKey {
    ed25519: "\340\310\354'X\245\207\237\372\302&\241<\fQky\236r\343QA\240\335\202\217\224\323y\210\244\267"
  }
  freezeDefault: true
  expiry {
    seconds: 1554158557
  }
  autoRenewAccount {
    accountNum: 123
  }
  autoRenewPeriod {
    seconds: 100
  }
  memo: "flook memo"
  fee_schedule_key {
    ed25519: "\340\310\354'X\245\207\237\372\302&\241<\fQky\236r\343QA\240\335\202\217\224\323y\210\244\267"
  }
  custom_fees {
    fixed_fee {
      amount: 3
      denominating_token_id {
        shardNum: 4
        realmNum: 3
        tokenNum: 2
      }
    }
    fee_collector_account_id {
      accountNum: 54
    }
  }
  pause_key {
    ed25519: "\340\310\354'X\245\207\237\372\302&\241<\fQky\236r\343QA\240\335\202\217\224\323y\210\244\267"
  }
}
