TransactionReceipt(transactionId: nil, status: SCHEDULE_ALREADY_DELETED, accountId: Optional(1.2.3), fileId: Optional(4.5.6), contractId: Optional(3.2.1), topicId: Optional(9.8.7), topicSequenceNumber: 3, topicRunningHash: Optional("running hash"), topicRunningHashVersion: 0, tokenId: Optional(6.5.4), totalSupply: 30, scheduleId: Optional(1.1.1), scheduledTransactionId: Optional(0.0.5006@1554158542.0), serials: Optional([1, 2, 3]), duplicates: [], children: [])