HederaProtobufs.Proto_TransactionBody:
transactionID {
  transactionValidStart {
    seconds: 1554158542
  }
  accountID {
    accountNum: 5006
  }
}
nodeAccountID {
  accountNum: 5005
}
transactionFee: 200000000
transactionValidDuration {
  seconds: 120
}
tokenUpdate {
  token {
    shardNum: 4
    realmNum: 2
  }
  symbol: "test symbol"
  name: "test name"
  treasury {
    shardNum: 7
    realmNum: 7
    accountNum: 7
  }
  adminKey {
    ed25519: "K\276\225\250m$\370\371gs\261(&\374\276\000\226\210\313\r\312\210\317\361\027\243\250\257P\303q\023"
  }
  kycKey {
    ed25519: "\373\210\2637\337\327ea{\3442*\347\357\2053\326\036d\203\005\016 \354HE\2453\275\334\244\261"
  }
  freezeKey {
    ed25519: "=\355S\343\"3S/=\204b2L\321\023\253\276Os!m\360mT\241\034\266\221\301['\315"
  }
  wipeKey {
    ed25519: "R[\234\025_\220+\221-\275\201\276\246\324:\007}zb\335\037\357\317\307}\351aD\325\372\303\356"
  }
  supplyKey {
    ed25519: "K\276\225\250m$\370\371gs\261(&\374\276\000\226\210\313\r\312\210\317\361\027\243\250\257P\303q\023"
  }
  autoRenewAccount {
    shardNum: 8
    realmNum: 8
    accountNum: 8
  }
  autoRenewPeriod {
    seconds: 36000
  }
  expiry {
    seconds: 1554158542
  }
  memo {
    value: "test memo"
  }
  pause_key {
    ed25519: "\332\207p\020\227\206ns\360\335\224,\273>\227\0063)\371\005X\206!\261x\322\027Yh\215G\374"
  }
}
