HederaProtobufs.Proto_ContractGetInfoResponse.ContractInfo:
contractID {
  contractNum: 1
}
accountID {
  accountNum: 5006
}
contractAccountID: "3"
expirationTime {
  seconds: 1554158728
}
autoRenewPeriod {
  seconds: 432000
}
memo: "flook"
balance: 8
ledger_id: "\001"
staking_info {
}
