FileContentsResponse(fileId: 0.0.5005, contents: 35 bytes)