TransactionRecord(receipt: Hedera.TransactionReceipt(transactionId: nil, status: SCHEDULE_ALREADY_DELETED, accountId: Optional(1.2.3), fileId: Optional(4.5.6), contractId: Optional(3.2.1), topicId: Optional(9.8.7), topicSequenceNumber: 3, topicRunningHash: Optional(12 bytes), topicRunningHashVersion: 0, tokenId: Optional(6.5.4), totalSupply: 30, scheduleId: Optional(1.1.1), exchangeRates: nil, scheduledTransactionId: Optional(0.0.5006@1554158542.0), serials: Optional([1, 2, 3]), duplicates: [], children: [], nodeId: 0), transactionHash: 5 bytes, consensusTimestamp: 1554158542000000000, contractFunctionResult: Optional(Hedera.ContractFunctionResult(contractId: 1.2.3, evmAddress: nil, errorMessage: nil, bloom: 0 bytes, gasUsed: 0, gas: 0, logs: [], hbarAmount: 0 tℏ, contractFunctionParametersBytes: 0 bytes, bytes: 0 bytes, senderAccountId: nil, contractNonces: [], signerNonce: nil)), transfers: [Hedera.Transfer(accountId: 4.4.4, amount: 5 ℏ)], tokenTransfers: [6.6.6: [1.1.1: 4]], tokenNftTransfers: [4.4.4: [Hedera.TokenNftTransfer(tokenId: 4.4.4, sender: 1.2.3, receiver: 3.2.1, serial: 4, isApproved: true)]], transactionId: 3.3.3@1554158542.0, transactionMemo: "flook", transactionFee: 3000 ℏ, scheduleRef: Optional(3.3.3), assessedCustomFees: [Hedera.AssessedCustomFee(amount: 4, tokenId: Optional(4.5.6), feeCollectorAccountId: Optional(8.6.5), payerAccountIdList: [3.3.3])], automaticTokenAssociations: [Hedera.TokenAssociation(tokenId: 5.4.3, accountId: 3.6.7)], parentConsensusTimestamp: Optional(1554158542000000000), aliasKey: Optional(302a300506032b6570032100e0c8ec2758a5879ffac226a13c0c516b799e72e35141a0dd828f94d37988a4b7), children: [], duplicates: [], ethereumHash: 14 bytes, evmAddress: Optional(0x3078303030303030303030303030303030303030), prngBytes: nil, prngNumber: Optional(4), pendingAirdropRecords: [Hedera.PendingAirdropRecord(pendingAirdropId: Hedera.PendingAirdropId(senderId: 0.2.3, receiverId: 0.2.3, tokenId: Optional(0.0.2009), nftId: nil), amount: 3)])