StakingInfo(declineStakingReward: true, stakePeriodStart: Optional(1554158542000000000), pendingReward: 5 tℏ, stakedToMe: 10 tℏ, stakedAccountId: Optional(0.0.5009), stakedNodeId: nil)