HederaProtobufs.Proto_TransactionBody:
transactionID {
  transactionValidStart {
    seconds: 1554158542
  }
  accountID {
    accountNum: 5006
  }
}
nodeAccountID {
  accountNum: 5005
}
transactionFee: 200000000
transactionValidDuration {
  seconds: 120
}
tokenMint {
  token {
    shardNum: 4
    realmNum: 2
  }
  amount: 10
}
