HederaProtobufs.Proto_Query:
cryptogetAccountBalance {
  header {
  }
  accountID {
    accountNum: 5005
  }
}
