HederaProtobufs.Proto_TransactionBody:
transactionID {
  transactionValidStart {
    seconds: 1554158542
  }
  accountID {
    accountNum: 5006
  }
}
nodeAccountID {
  accountNum: 5005
}
transactionFee: 200000000
transactionValidDuration {
  seconds: 120
}
consensusUpdateTopic {
  memo {
    value: "Hello memo"
  }
  expirationTime {
    seconds: 1554158542
  }
  adminKey {
    ed25519: "\340\310\354'X\245\207\237\372\302&\241<\fQky\236r\343QA\240\335\202\217\224\323y\210\244\267"
  }
  submitKey {
    ed25519: "\340\310\354'X\245\207\237\372\302&\241<\fQky\236r\343QA\240\335\202\217\224\323y\210\244\267"
  }
  autoRenewPeriod {
    seconds: 86400
  }
  autoRenewAccount {
    accountNum: 5009
  }
}
