TokenInfo(tokenId: 0.6.9, name: "test token name", symbol: "TTN", decimals: 3, totalSupply: 1000, treasuryAccountId: 7.7.7, adminKey: Optional(Hedera.Key.single(302a300506032b6570032100da87701097866e73f0dd942cbb3e97063329f905588621b178d21759688d47fc)), kycKey: nil, freezeKey: Optional(Hedera.Key.single(302a300506032b65700321003ded53e32233532f3d8462324cd113abbe4f73216df06d54a11cb691c15b27cd)), wipeKey: Optional(Hedera.Key.single(302a300506032b6570032100525b9c155f902b912dbd81bea6d43a077d7a62dd1fefcfc77de96144d5fac3ee)), supplyKey: Optional(Hedera.Key.single(302a300506032b65700321003b913853afa59b55abc581c2ac0d36580ac2eca4bd101c02173fef02e677ddd5)), feeScheduleKey: Optional(Hedera.Key.single(302a300506032b65700321004bbe95a86d24f8f96773b12826fcbe009688cb0dca88cff117a3a8af50c37113)), defaultFreezeStatus: Optional(true), defaultKycStatus: Optional(true), isDeleted: false, autoRenewAccount: Optional(8.9.0), autoRenewPeriod: Optional(Hedera.Duration(seconds: 36000)), expirationTime: Optional(1554158542000000000), tokenMemo: "memo", tokenType: Hedera.TokenType.fungibleCommon, supplyType: Hedera.TokenSupplyType.finite, maxSupply: 1000000, customFees: [Hedera.AnyCustomFee.fixed(Hedera.FixedFee(feeCollectorAccountId: Optional(0.0.4322), allCollectorsAreExempt: false, amount: 10, denominatingTokenId: Optional(0.0.483902))), Hedera.AnyCustomFee.fractional(Hedera.FractionalFee(feeCollectorAccountId: Optional(0.0.4322), allCollectorsAreExempt: false, denominator: 7, numerator: 3, minimumAmount: 3, maximumAmount: 100, assessmentMethod: Hedera.FractionalFee.FeeAssessmentMethod.inclusive))], pauseKey: Optional(Hedera.Key.single(302a300506032b6570032100d16865a98cf8b0b7f8fa3776b20dafc5be04ffeb9a2497720783ce991e2b1974)), pauseStatus: Optional(true), ledgerId: mainnet)