HederaProtobufs.Proto_TransactionBody:
transactionID {
  transactionValidStart {
    seconds: 1554158542
  }
  accountID {
    accountNum: 5005
  }
}
nodeAccountID {
  accountNum: 5005
}
transactionFee: 200000000
transactionValidDuration {
  seconds: 120
}
nodeDelete {
  node_id: 2
}
