HederaProtobufs.Proto_TransactionBody:
transactionID {
  transactionValidStart {
    seconds: 1554158542
  }
  accountID {
    accountNum: 5005
  }
}
nodeAccountID {
  accountNum: 5005
}
transactionFee: 200000000
transactionValidDuration {
  seconds: 120
}
tokenAssociate {
  account {
    accountNum: 435
  }
  tokens {
    shardNum: 1
    realmNum: 2
    tokenNum: 3
  }
}
