HederaProtobufs.Proto_Query:
fileGetInfo {
  header {
  }
  fileID {
    fileNum: 5005
  }
}
