TransactionFeeSchedule(requestType: nil, feeData: nil, fees: [Hedera.FeeData(node: Hedera.FeeComponents(min: 4, max: 7, constant: 2, bandwidthByte: 5, verification: 6, storageByteHour: 0, ramByteHour: 0, contractTransactionGas: 3, transferVolumeHbar: 2, responseMemoryByte: 7, responseDiskByte: 0), network: Hedera.FeeComponents(min: 2, max: 5, constant: 2, bandwidthByte: 5, verification: 6, storageByteHour: 0, ramByteHour: 0, contractTransactionGas: 3, transferVolumeHbar: 2, responseMemoryByte: 7, responseDiskByte: 0), service: Hedera.FeeComponents(min: 4, max: 6, constant: 2, bandwidthByte: 5, verification: 6, storageByteHour: 0, ramByteHour: 0, contractTransactionGas: 3, transferVolumeHbar: 2, responseMemoryByte: 7, responseDiskByte: 0), kind: Hedera.FeeDataType.default)])